(bla <-> bla)
(bla <-> bla)
(bla <-> bla)
(bla <-> bla)
(bla <-> bla)
(bla <-> bla)
(bla <-> bla)
(bla <-> bla)
(bla <-> bla)
(bla <-> bla)